
> germanpath@0.1.0 build
> npm run validate:translations && next build


> germanpath@0.1.0 validate:translations
> tsx scripts/validate-translations.ts

­ƒöì Analyzing translation coverage...

Ô£à All translations are complete!

  Ôû▓ Next.js 14.2.3
  - Environments: .env

   Creating an optimized production build ...
